// Vitest Snapshot v1, https://vitest.dev/guide/snapshot.html

exports[`<RatingsPreviewModal /> > it should match a snapshot when rendered by default 1`] = `
<body
  class="ReactModal__Body--open"
>
  <div
    data-react-modal-body-trap=""
    style="position: absolute; opacity: 0;"
    tabindex="0"
  />
  <div />
  <div
    data-react-modal-body-trap=""
    style="position: absolute; opacity: 0;"
    tabindex="0"
  />
  <div
    class="ReactModalPortal"
  >
    <div
      class="ReactModal__Overlay"
      style="position: fixed; top: 0px; left: 0px; right: 0px; bottom: 0px; background-color: rgba(255, 255, 255, 0.75);"
    >
      <div
        aria-modal="true"
        class="ReactModal__Content _ratingsModalPreview_50257f"
        role="dialog"
        tabindex="-1"
      >
        <div
          class="_ratingsModalPreviewHeader_50257f"
        >
          <h2>
            Ratings
          </h2>
          <div
            class="_exitButton_50257f"
            id="exitBtn"
          >
            <p>
              Ã—
            </p>
          </div>
        </div>
        <div
          class="_ratingsList_50257f"
        />
      </div>
    </div>
  </div>
</body>
`;
