// Vitest Snapshot v1, https://vitest.dev/guide/snapshot.html

exports[`<UsersLayout /> > it should match a snapshot when rendered by default 1`] = `
<body>
  <div>
    <div
      class="_usersLayout_8d3462"
    >
      <div
        class="_usersFilters_9c49f3"
      >
        <input
          class="_searchInput_9c49f3"
          id="search"
          placeholder="Insert first name or last"
          type="text"
          value=""
        />
      </div>
      <table
        class="_usersTable_15e082"
      >
        <thead
          class="_usersTableHeader_15e082"
        >
          <th
            class="_headerData_15e082"
          >
            First Name
          </th>
          <th
            class="_headerData_15e082"
          >
            Last Name
          </th>
          <th
            class="_headerData_15e082"
          >
            Age
          </th>
          <th
            class="_headerData_15e082"
          >
            Email
          </th>
          <th
            class="_headerData_15e082"
          >
            Tickets Created
          </th>
          <th
            class="_headerData_15e082"
          >
            Rating
          </th>
          <th
            class="_headerData_15e082"
          >
            Actions
          </th>
        </thead>
        <tbody>
          <tr
            class="_usersTableRow_15e082"
          >
            <td
              class="_tableItem_15e082"
            >
              Marcus
            </td>
            <td
              class="_tableItem_15e082"
            >
              Millford
            </td>
            <td
              class="_tableItem_15e082"
            >
              23
            </td>
            <td
              class="_tableItem_15e082"
            >
               
              marcusmill@gmail.com
            </td>
            <td
              class="_tableItem_15e082"
            >
              1
            </td>
            <td
              class="_tableItem_15e082"
            >
              <div
                class="_ratingItem_15e082"
              >
                -
              </div>
            </td>
            <td
              class="_tableItem_15e082"
            >
              <div
                class="_rateUserBtn_15e082 _disabledBtn_15e082"
              >
                Rate
              </div>
            </td>
          </tr>
          <tr
            class="_usersTableRow_15e082"
          >
            <td
              class="_tableItem_15e082"
            >
              Matt
            </td>
            <td
              class="_tableItem_15e082"
            >
              Fitzgerald
            </td>
            <td
              class="_tableItem_15e082"
            >
              43
            </td>
            <td
              class="_tableItem_15e082"
            >
               
              fitz89@gmail.com
            </td>
            <td
              class="_tableItem_15e082"
            >
              0
            </td>
            <td
              class="_tableItem_15e082"
            >
              <div
                class="_ratingItem_15e082"
              >
                -
              </div>
            </td>
            <td
              class="_tableItem_15e082"
            >
              <div
                class="_rateUserBtn_15e082"
              >
                Rate
              </div>
            </td>
          </tr>
          <tr
            class="_usersTableRow_15e082"
          >
            <td
              class="_tableItem_15e082"
            >
              Marin
            </td>
            <td
              class="_tableItem_15e082"
            >
              MiletiÄ‡
            </td>
            <td
              class="_tableItem_15e082"
            >
              45
            </td>
            <td
              class="_tableItem_15e082"
            >
               
              mili45@gmail.com
            </td>
            <td
              class="_tableItem_15e082"
            >
              1
            </td>
            <td
              class="_tableItem_15e082"
            >
              <div
                class="_ratingItem_15e082"
              >
                -
              </div>
            </td>
            <td
              class="_tableItem_15e082"
            >
              <div
                class="_rateUserBtn_15e082"
              >
                Rate
              </div>
            </td>
          </tr>
          <tr
            class="_usersTableRow_15e082"
          >
            <td
              class="_tableItem_15e082"
            >
              John
            </td>
            <td
              class="_tableItem_15e082"
            >
              Washington
            </td>
            <td
              class="_tableItem_15e082"
            >
              64
            </td>
            <td
              class="_tableItem_15e082"
            >
               
              wash@gmail.com
            </td>
            <td
              class="_tableItem_15e082"
            >
              1
            </td>
            <td
              class="_tableItem_15e082"
            >
              <div
                class="_ratingItem_15e082"
              >
                -
              </div>
            </td>
            <td
              class="_tableItem_15e082"
            >
              <div
                class="_rateUserBtn_15e082"
              >
                Rate
              </div>
            </td>
          </tr>
          <tr
            class="_usersTableRow_15e082"
          >
            <td
              class="_tableItem_15e082"
            >
              Ante
            </td>
            <td
              class="_tableItem_15e082"
            >
              Rade
            </td>
            <td
              class="_tableItem_15e082"
            >
              30
            </td>
            <td
              class="_tableItem_15e082"
            >
               
              anterade99@gmail.com
            </td>
            <td
              class="_tableItem_15e082"
            >
              1
            </td>
            <td
              class="_tableItem_15e082"
            >
              <div
                class="_ratingItem_15e082"
              >
                -
              </div>
            </td>
            <td
              class="_tableItem_15e082"
            >
              <div
                class="_rateUserBtn_15e082"
              >
                Rate
              </div>
            </td>
          </tr>
        </tbody>
      </table>
    </div>
  </div>
</body>
`;
