// Vitest Snapshot v1, https://vitest.dev/guide/snapshot.html

exports[`<Header /> > it should match a snapshot when rendered by default 1`] = `
<body>
  <div>
    <header
      class="_header_0a265d"
    >
      <div
        class="_headerContent_0a265d"
      >
        <a
          class="_logo_0a265d"
          href="/"
        >
          <svg
            class="_logoIcon_0a265d"
            fill="currentColor"
            height="1em"
            stroke="currentColor"
            stroke-width="0"
            viewBox="0 0 576 512"
            width="1em"
            xmlns="http://www.w3.org/2000/svg"
          >
            <path
              d="M128 160h320v192H128V160zm400 96c0 26.51 21.49 48 48 48v96c0 26.51-21.49 48-48 48H48c-26.51 0-48-21.49-48-48v-96c26.51 0 48-21.49 48-48s-21.49-48-48-48v-96c0-26.51 21.49-48 48-48h480c26.51 0 48 21.49 48 48v96c-26.51 0-48 21.49-48 48zm-48-104c0-13.255-10.745-24-24-24H120c-13.255 0-24 10.745-24 24v208c0 13.255 10.745 24 24 24h336c13.255 0 24-10.745 24-24V152z"
            />
          </svg>
          <span>
            eTicket
          </span>
        </a>
        &lt;HeaderNavigation /&gt;
        &lt;HeaderActions /&gt;
      </div>
    </header>
  </div>
</body>
`;
