// Vitest Snapshot v1, https://vitest.dev/guide/snapshot.html

exports[`<SignUpForm /> > it should render sign up form as expected 1`] = `
<body>
  <div>
    <form
      class="_signUpForm_99664b"
    >
      <h1>
        Sign Up
      </h1>
      <p
        class="_subtitle_99664b"
      >
        Create your account to start your next adventure.
      </p>
      <div
        class="_formGroup_99664b"
      >
        <input
          class="_formControl_99664b"
          id="firstName"
          placeholder="First Name"
          type="text"
          value=""
        />
      </div>
      <div
        class="_formGroup_99664b"
      >
        <input
          class="_formControl_99664b"
          id="lastName"
          placeholder="Last Name"
          type="text"
          value=""
        />
      </div>
      <div
        class="_birthDateGroup_99664b"
      >
        <div
          class="_formGroup_99664b"
        >
          <input
            class="_formControl_99664b"
            id="dayOfBirth"
            placeholder="Day"
            type="number"
            value=""
          />
        </div>
        <div
          class="_formGroup_99664b"
        >
          <input
            class="_formControl_99664b"
            id="monthOfBirth"
            placeholder="Month"
            type="number"
            value=""
          />
        </div>
        <div
          class="_formGroup_99664b"
        >
          <input
            class="_formControl_99664b"
            id="yearOfBirth"
            placeholder="Year"
            type="number"
            value=""
          />
        </div>
      </div>
      <div
        class="_formGroup_99664b"
      >
        <input
          class="_formControl_99664b"
          id="street"
          placeholder="Street"
          type="text"
          value=""
        />
      </div>
      <div
        class="_formGroup_99664b"
      >
        <input
          class="_formControl_99664b"
          id="houseNumber"
          placeholder="House Number"
          type="number"
          value=""
        />
      </div>
      <div
        class="_formGroup_99664b"
      >
        <input
          class="_formControl_99664b"
          id="city"
          placeholder="City"
          type="text"
          value=""
        />
      </div>
      <div
        class="_formGroup_99664b"
      >
        <input
          class="_formControl_99664b"
          id="postalCode"
          placeholder="Postal Code"
          type="number"
          value=""
        />
      </div>
      <div
        class="_formGroup_99664b"
      >
        <input
          class="_formControl_99664b"
          id="country"
          placeholder="Country"
          type="text"
          value=""
        />
      </div>
      <div
        class="_formGroup_99664b"
      >
        <input
          class="_formControl_99664b"
          id="email"
          placeholder="Email Address"
          type="email"
          value=""
        />
      </div>
      <div
        class="_formGroup_99664b"
      >
        <input
          class="_formControl_99664b"
          id="password"
          placeholder="Password"
          type="password"
          value=""
        />
        <span
          class="_passwordToggle_99664b"
        >
          <svg
            fill="currentColor"
            height="1em"
            stroke="currentColor"
            stroke-width="0"
            viewBox="0 0 576 512"
            width="1em"
            xmlns="http://www.w3.org/2000/svg"
          >
            <path
              d="M572.52 241.4C518.29 135.59 410.93 64 288 64S57.68 135.64 3.48 241.41a32.35 32.35 0 0 0 0 29.19C57.71 376.41 165.07 448 288 448s230.32-71.64 284.52-177.41a32.35 32.35 0 0 0 0-29.19zM288 400a144 144 0 1 1 144-144 143.93 143.93 0 0 1-144 144zm0-240a95.31 95.31 0 0 0-25.31 3.79 47.85 47.85 0 0 1-66.9 66.9A95.78 95.78 0 1 0 288 160z"
            />
          </svg>
        </span>
      </div>
      <div
        class="_formGroup_99664b"
      >
        <input
          class="_formControl_99664b"
          id="confirmPassword"
          placeholder="Confirm Password"
          type="password"
          value=""
        />
        <span
          class="_passwordToggle_99664b"
        >
          <svg
            fill="currentColor"
            height="1em"
            stroke="currentColor"
            stroke-width="0"
            viewBox="0 0 576 512"
            width="1em"
            xmlns="http://www.w3.org/2000/svg"
          >
            <path
              d="M572.52 241.4C518.29 135.59 410.93 64 288 64S57.68 135.64 3.48 241.41a32.35 32.35 0 0 0 0 29.19C57.71 376.41 165.07 448 288 448s230.32-71.64 284.52-177.41a32.35 32.35 0 0 0 0-29.19zM288 400a144 144 0 1 1 144-144 143.93 143.93 0 0 1-144 144zm0-240a95.31 95.31 0 0 0-25.31 3.79 47.85 47.85 0 0 1-66.9 66.9A95.78 95.78 0 1 0 288 160z"
            />
          </svg>
        </span>
      </div>
      <div
        class="_formGroup_99664b"
      >
        <input
          class="_formControl_99664b"
          id="username"
          placeholder="Username"
          type="text"
          value=""
        />
      </div>
      <div
        class="_formGroup_99664b"
      >
        <input
          class="_formControl_99664b"
          id="phoneNumber"
          placeholder="Phone number"
          type="text"
          value=""
        />
      </div>
      <button
        class="_submitBtn_99664b"
      >
        Sign Up
      </button>
    </form>
  </div>
</body>
`;
