// Vitest Snapshot v1, https://vitest.dev/guide/snapshot.html

exports[`<OrdersLayout /> > it should match a snapshot when rendered by default 1`] = `
<body>
  <div>
    <div
      class="_ordersContent_72370e"
    >
      <div
        class="_ordersFilters_9576c6"
      >
        <input
          id="searchInput"
          placeholder="Insert title"
          type="text"
          value=""
        />
        <div
          class="css-b62m3t-container"
          id="userSelect"
        >
          <span
            class="css-1f43avz-a11yText-A11yText"
            id="react-select-2-live-region"
          />
          <span
            aria-atomic="false"
            aria-live="polite"
            aria-relevant="additions text"
            class="css-1f43avz-a11yText-A11yText"
            role="log"
          />
          <div
            class="css-13cymwt-control"
          >
            <div
              class="css-hlgwow"
            >
              <div
                class="css-1dimb5e-singleValue"
              >
                Any user
              </div>
              <div
                class="css-19bb58m"
                data-value=""
              >
                <input
                  aria-activedescendant=""
                  aria-autocomplete="list"
                  aria-expanded="false"
                  aria-haspopup="true"
                  autocapitalize="none"
                  autocomplete="off"
                  autocorrect="off"
                  class=""
                  id="react-select-2-input"
                  role="combobox"
                  spellcheck="false"
                  style="opacity: 1; width: 100%; grid-area: 1 / 2; min-width: 2px; border: 0px; margin: 0px; outline: 0; padding: 0px;"
                  tabindex="0"
                  type="text"
                  value=""
                />
              </div>
            </div>
            <div
              class="css-1wy0on6"
            >
              <span
                class="css-1u9des2-indicatorSeparator"
              />
              <div
                aria-hidden="true"
                class="css-1xc3v61-indicatorContainer"
              >
                <svg
                  aria-hidden="true"
                  class="css-tj5bde-Svg"
                  focusable="false"
                  height="20"
                  viewBox="0 0 20 20"
                  width="20"
                >
                  <path
                    d="M4.516 7.548c0.436-0.446 1.043-0.481 1.576 0l3.908 3.747 3.908-3.747c0.533-0.481 1.141-0.446 1.574 0 0.436 0.445 0.408 1.197 0 1.615-0.406 0.418-4.695 4.502-4.695 4.502-0.217 0.223-0.502 0.335-0.787 0.335s-0.57-0.112-0.789-0.335c0 0-4.287-4.084-4.695-4.502s-0.436-1.17 0-1.615z"
                  />
                </svg>
              </div>
            </div>
          </div>
        </div>
        <div
          class="css-b62m3t-container"
          id="statusSelect"
        >
          <span
            class="css-1f43avz-a11yText-A11yText"
            id="react-select-3-live-region"
          />
          <span
            aria-atomic="false"
            aria-live="polite"
            aria-relevant="additions text"
            class="css-1f43avz-a11yText-A11yText"
            role="log"
          />
          <div
            class="css-13cymwt-control"
          >
            <div
              class="css-hlgwow"
            >
              <div
                class="css-1dimb5e-singleValue"
              >
                Any status
              </div>
              <div
                class="css-19bb58m"
                data-value=""
              >
                <input
                  aria-activedescendant=""
                  aria-autocomplete="list"
                  aria-expanded="false"
                  aria-haspopup="true"
                  autocapitalize="none"
                  autocomplete="off"
                  autocorrect="off"
                  class=""
                  id="react-select-3-input"
                  role="combobox"
                  spellcheck="false"
                  style="opacity: 1; width: 100%; grid-area: 1 / 2; min-width: 2px; border: 0px; margin: 0px; outline: 0; padding: 0px;"
                  tabindex="0"
                  type="text"
                  value=""
                />
              </div>
            </div>
            <div
              class="css-1wy0on6"
            >
              <span
                class="css-1u9des2-indicatorSeparator"
              />
              <div
                aria-hidden="true"
                class="css-1xc3v61-indicatorContainer"
              >
                <svg
                  aria-hidden="true"
                  class="css-tj5bde-Svg"
                  focusable="false"
                  height="20"
                  viewBox="0 0 20 20"
                  width="20"
                >
                  <path
                    d="M4.516 7.548c0.436-0.446 1.043-0.481 1.576 0l3.908 3.747 3.908-3.747c0.533-0.481 1.141-0.446 1.574 0 0.436 0.445 0.408 1.197 0 1.615-0.406 0.418-4.695 4.502-4.695 4.502-0.217 0.223-0.502 0.335-0.787 0.335s-0.57-0.112-0.789-0.335c0 0-4.287-4.084-4.695-4.502s-0.436-1.17 0-1.615z"
                  />
                </svg>
              </div>
            </div>
          </div>
        </div>
      </div>
      <table
        class="_ordersTable_eb8f56"
      >
        <thead
          class="_ordersTableHeader_eb8f56"
        >
          <th
            class="_headerData_eb8f56"
          >
            Ticket title
          </th>
          <th
            class="_headerData_eb8f56"
          >
            Price($)
          </th>
          <th
            class="_headerData_eb8f56"
          >
            User
          </th>
          <th
            class="_headerData_eb8f56"
          >
            Status
          </th>
          <th
            class="_headerData_eb8f56"
          >
            Expires at
          </th>
          <th
            class="_headerData_eb8f56"
          >
            Actions
          </th>
        </thead>
        <tbody>
          <tr
            class="_ordersTableRow_eb8f56"
          >
            <td
              class="_tableItem_eb8f56"
            >
              Football Match
            </td>
            <td
              class="_tableItem_eb8f56"
            >
              230.00
            </td>
            <td
              class="_tableItem_eb8f56"
            >
              Ante Rade
            </td>
            <td
              class="_tableItem_eb8f56"
            >
              created
            </td>
            <td
              class="_tableItem_eb8f56"
            >
              19:37
            </td>
            <td
              class="_tableItem_eb8f56"
            >
              <a
                class="_openOrderLink_eb8f56"
                href="/orders/5ccb"
              >
                Open
              </a>
            </td>
          </tr>
          <tr
            class="_ordersTableRow_eb8f56"
          >
            <td
              class="_tableItem_eb8f56"
            >
              Bethoveen Concerto
            </td>
            <td
              class="_tableItem_eb8f56"
            >
              540.00
            </td>
            <td
              class="_tableItem_eb8f56"
            >
              Ante Rade
            </td>
            <td
              class="_tableItem_eb8f56"
            >
              created
            </td>
            <td
              class="_tableItem_eb8f56"
            >
              19:37
            </td>
            <td
              class="_tableItem_eb8f56"
            >
              <a
                class="_openOrderLink_eb8f56"
                href="/orders/6253"
              >
                Open
              </a>
            </td>
          </tr>
          <tr
            class="_ordersTableRow_eb8f56"
          >
            <td
              class="_tableItem_eb8f56"
            >
              Concert
            </td>
            <td
              class="_tableItem_eb8f56"
            >
              120.00
            </td>
            <td
              class="_tableItem_eb8f56"
            >
              Ante Rade
            </td>
            <td
              class="_tableItem_eb8f56"
            >
              created
            </td>
            <td
              class="_tableItem_eb8f56"
            >
              19:37
            </td>
            <td
              class="_tableItem_eb8f56"
            >
              <a
                class="_openOrderLink_eb8f56"
                href="/orders/5c7c"
              >
                Open
              </a>
            </td>
          </tr>
        </tbody>
      </table>
    </div>
  </div>
</body>
`;
