// Vitest Snapshot v1, https://vitest.dev/guide/snapshot.html

exports[`<CreateTicketModal /> > it should render create ticket modal by default 1`] = `
<body
  class="ReactModal__Body--open"
>
  <div
    data-react-modal-body-trap=""
    style="position: absolute; opacity: 0;"
    tabindex="0"
  />
  <div />
  <div
    data-react-modal-body-trap=""
    style="position: absolute; opacity: 0;"
    tabindex="0"
  />
  <div
    class="ReactModalPortal"
  >
    <div
      class="ReactModal__Overlay"
      style="position: fixed; top: 0px; left: 0px; right: 0px; bottom: 0px; background-color: rgba(255, 255, 255, 0.75);"
    >
      <div
        aria-modal="true"
        class="ReactModal__Content _createTicketModal_279c6c"
        role="dialog"
        tabindex="-1"
      >
        <div
          class="_createTicketContainer_279c6c"
        >
          <div
            class="_createTicketFormHeader_279c6c"
          >
            <h2>
              Create a new ticket
            </h2>
            <div
              class="_exitButton_279c6c"
              id="exitBtn"
            >
              <p>
                Ã—
              </p>
            </div>
          </div>
          <form
            class="_createTicketForm_279c6c"
          >
            <div
              class="_formGroup_279c6c"
            >
              <label
                class="_formLabel_279c6c"
                for="title"
              >
                Title
              </label>
              <input
                class="_formControl_279c6c"
                id="title"
                value=""
              />
            </div>
            <div
              class="_formGroup_279c6c"
            >
              <label
                class="_formLabel_279c6c"
                for="price"
              >
                Price
              </label>
              <input
                class="_formControl_279c6c"
                id="price"
                type="number"
                value=""
              />
            </div>
            <div
              class="_formGroup_279c6c"
            >
              <label
                class="_formLabel_279c6c"
                for="category"
              >
                Category
              </label>
              <div
                class="css-b62m3t-container"
                id="categorySelect"
              >
                <span
                  class="css-1f43avz-a11yText-A11yText"
                  id="react-select-2-live-region"
                />
                <span
                  aria-atomic="false"
                  aria-live="polite"
                  aria-relevant="additions text"
                  class="css-1f43avz-a11yText-A11yText"
                  role="log"
                />
                <div
                  class="css-13cymwt-control"
                >
                  <div
                    class="css-hlgwow"
                  >
                    <div
                      class="css-1dimb5e-singleValue"
                    >
                      Sport game
                    </div>
                    <div
                      class="css-19bb58m"
                      data-value=""
                    >
                      <input
                        aria-activedescendant=""
                        aria-autocomplete="list"
                        aria-expanded="false"
                        aria-haspopup="true"
                        autocapitalize="none"
                        autocomplete="off"
                        autocorrect="off"
                        class=""
                        id="react-select-2-input"
                        role="combobox"
                        spellcheck="false"
                        style="color: inherit; background: 0px; opacity: 1; width: 100%; grid-area: 1 / 2; min-width: 2px; border: 0px; margin: 0px; outline: 0; padding: 0px;"
                        tabindex="0"
                        type="text"
                        value=""
                      />
                    </div>
                  </div>
                  <div
                    class="css-1wy0on6"
                  >
                    <span
                      class="css-1u9des2-indicatorSeparator"
                    />
                    <div
                      aria-hidden="true"
                      class="css-1xc3v61-indicatorContainer"
                    >
                      <svg
                        aria-hidden="true"
                        class="css-tj5bde-Svg"
                        focusable="false"
                        height="20"
                        viewBox="0 0 20 20"
                        width="20"
                      >
                        <path
                          d="M4.516 7.548c0.436-0.446 1.043-0.481 1.576 0l3.908 3.747 3.908-3.747c0.533-0.481 1.141-0.446 1.574 0 0.436 0.445 0.408 1.197 0 1.615-0.406 0.418-4.695 4.502-4.695 4.502-0.217 0.223-0.502 0.335-0.787 0.335s-0.57-0.112-0.789-0.335c0 0-4.287-4.084-4.695-4.502s-0.436-1.17 0-1.615z"
                        />
                      </svg>
                    </div>
                  </div>
                </div>
              </div>
            </div>
          </form>
          <div
            class="_formActions_279c6c"
          >
            <button
              class="_cancelBtn_279c6c"
              type="button"
            >
              Cancel
            </button>
            <button
              class="_submitBtn_279c6c"
              type="submit"
            >
              Submit
            </button>
          </div>
        </div>
      </div>
    </div>
  </div>
</body>
`;
