// Vitest Snapshot v1, https://vitest.dev/guide/snapshot.html

exports[`<RatingModal /> > It should render rating modal as expected with all fields 1`] = `
<body
  class="ReactModal__Body--open"
>
  <div
    data-react-modal-body-trap=""
    style="position: absolute; opacity: 0;"
    tabindex="0"
  />
  <div />
  <div
    data-react-modal-body-trap=""
    style="position: absolute; opacity: 0;"
    tabindex="0"
  />
  <div
    class="ReactModalPortal"
  >
    <div
      class="ReactModal__Overlay"
      style="position: fixed; top: 0px; left: 0px; right: 0px; bottom: 0px; background-color: rgba(255, 255, 255, 0.75);"
    >
      <div
        aria-modal="true"
        class="ReactModal__Content _rateUserModal_381c8f"
        role="dialog"
        tabindex="-1"
      >
        <div
          class="_rateUserModalHeader_381c8f"
        >
          <h2>
            Edit user rating
          </h2>
          <div
            class="_exitButton_381c8f"
          >
            <p>
              ×
            </p>
          </div>
        </div>
        <div
          class="_rateInputContainer_c17dbd"
        >
          <div
            class="_rate_c17dbd"
          >
            <input
              id="star4"
              name="rating"
              type="radio"
              value="4"
            />
            <label
              class="_star_c17dbd"
              for="star4"
            >
              ★
            </label>
            <input
              id="star3"
              name="rating"
              type="radio"
              value="3"
            />
            <label
              class="_star_c17dbd"
              for="star3"
            >
              ★
            </label>
            <input
              id="star2"
              name="rating"
              type="radio"
              value="2"
            />
            <label
              class="_star_c17dbd"
              for="star2"
            >
              ★
            </label>
            <input
              id="star1"
              name="rating"
              type="radio"
              value="1"
            />
            <label
              class="_star_c17dbd"
              for="star1"
            >
              ★
            </label>
            <input
              id="star0"
              name="rating"
              type="radio"
              value="0"
            />
            <label
              class="_star_c17dbd"
              for="star0"
            >
              ★
            </label>
          </div>
          <div
            class="_comment_c17dbd"
          >
            <label
              for="comment"
            >
              Tell us more:
            </label>
            <br />
            <textarea
              id="comment"
              name="comment"
            />
          </div>
        </div>
        <div
          class="_rateUserModalActions_381c8f"
        >
          <button
            class="_cancelBtn_381c8f"
          >
            Cancel
          </button>
          <button
            class="_submitBtn_381c8f"
          >
            Save rating
          </button>
        </div>
      </div>
    </div>
  </div>
</body>
`;
