// Vitest Snapshot v1, https://vitest.dev/guide/snapshot.html

exports[`<Statistics /> > it should match a snapshot when rendered by default 1`] = `
<body>
  <div>
    <section
      class="_stats_9bb7d1"
    >
      <div
        class="_statCard_9bb7d1"
      >
        <h3>
          Active Users
        </h3>
        <p>
          10,000+
        </p>
      </div>
      <div
        class="_statCard_9bb7d1"
      >
        <h3>
          Events Listed
        </h3>
        <p>
          5,000+
        </p>
      </div>
      <div
        class="_statCard_9bb7d1"
      >
        <h3>
          Successful Transactions
        </h3>
        <p>
          50,000+
        </p>
      </div>
    </section>
  </div>
</body>
`;
