// Vitest Snapshot v1, https://vitest.dev/guide/snapshot.html

exports[`<UsersLayout /> > it should match a snapshot when rendered by default 1`] = `
<body>
  <div>
    <div
      class="_usersLayout_8d3462"
    >
      <div
        class="_usersFilters_9c49f3"
      >
        <div
          class="_searchInput_9c49f3"
        >
          <svg
            class="_searchIcon_9c49f3"
            fill="currentColor"
            height="1em"
            stroke="currentColor"
            stroke-width="0"
            viewBox="0 0 512 512"
            width="1em"
            xmlns="http://www.w3.org/2000/svg"
          >
            <path
              d="M505 442.7L405.3 343c-4.5-4.5-10.6-7-17-7H372c27.6-35.3 44-79.7 44-128C416 93.1 322.9 0 208 0S0 93.1 0 208s93.1 208 208 208c48.3 0 92.7-16.4 128-44v16.3c0 6.4 2.5 12.5 7 17l99.7 99.7c9.4 9.4 24.6 9.4 33.9 0l28.3-28.3c9.4-9.4 9.4-24.6.1-34zM208 336c-70.7 0-128-57.2-128-128 0-70.7 57.2-128 128-128 70.7 0 128 57.2 128 128 0 70.7-57.2 128-128 128z"
            />
          </svg>
          <input
            class="_searchInputField_9c49f3"
            id="search"
            placeholder="Search users..."
            type="text"
            value=""
          />
        </div>
      </div>
      <table
        class="_usersTable_15e082"
      >
        <thead
          class="_usersTableHeader_15e082"
        >
          <th
            class="_headerData_15e082"
          >
            First Name
          </th>
          <th
            class="_headerData_15e082"
          >
            Last Name
          </th>
          <th
            class="_headerData_15e082"
          >
            Age
          </th>
          <th
            class="_headerData_15e082"
          >
            Email
          </th>
          <th
            class="_headerData_15e082"
          >
            Tickets Created
          </th>
          <th
            class="_headerData_15e082"
          >
            Rating
          </th>
          <th
            class="_headerData_15e082"
          >
            Actions
          </th>
        </thead>
        <tbody>
          <tr
            class="_usersTableRow_15e082"
          >
            <td
              class="_tableItem_15e082"
            >
              Ante
            </td>
            <td
              class="_tableItem_15e082"
            >
              Rade
            </td>
            <td
              class="_tableItem_15e082"
            >
              30
            </td>
            <td
              class="_tableItem_15e082"
            >
               
              anterade99@gmail.com
            </td>
            <td
              class="_tableItem_15e082"
            >
              2
            </td>
            <td
              class="_tableItem_15e082"
            >
              <div
                class="_ratingItem_15e082"
              >
                -
              </div>
            </td>
            <td
              class="_tableItem_15e082"
            >
              <div
                class="_rateUserBtn_15e082 _disabledBtn_15e082"
              >
                Rate
              </div>
            </td>
          </tr>
          <tr
            class="_usersTableRow_15e082"
          >
            <td
              class="_tableItem_15e082"
            >
              Marcus
            </td>
            <td
              class="_tableItem_15e082"
            >
              Millford
            </td>
            <td
              class="_tableItem_15e082"
            >
              23
            </td>
            <td
              class="_tableItem_15e082"
            >
               
              marcusmill@gmail.com
            </td>
            <td
              class="_tableItem_15e082"
            >
              2
            </td>
            <td
              class="_tableItem_15e082"
            >
              <div
                class="_ratingItem_15e082"
              >
                -
              </div>
            </td>
            <td
              class="_tableItem_15e082"
            >
              <div
                class="_rateUserBtn_15e082"
              >
                Rate
              </div>
            </td>
          </tr>
          <tr
            class="_usersTableRow_15e082"
          >
            <td
              class="_tableItem_15e082"
            >
              Matt
            </td>
            <td
              class="_tableItem_15e082"
            >
              Fitzgerald
            </td>
            <td
              class="_tableItem_15e082"
            >
              43
            </td>
            <td
              class="_tableItem_15e082"
            >
               
              fitz89@gmail.com
            </td>
            <td
              class="_tableItem_15e082"
            >
              2
            </td>
            <td
              class="_tableItem_15e082"
            >
              <div
                class="_ratingItem_15e082"
              >
                -
              </div>
            </td>
            <td
              class="_tableItem_15e082"
            >
              <div
                class="_rateUserBtn_15e082"
              >
                Rate
              </div>
            </td>
          </tr>
          <tr
            class="_usersTableRow_15e082"
          >
            <td
              class="_tableItem_15e082"
            >
              Marin
            </td>
            <td
              class="_tableItem_15e082"
            >
              MiletiÄ‡
            </td>
            <td
              class="_tableItem_15e082"
            >
              45
            </td>
            <td
              class="_tableItem_15e082"
            >
               
              mili45@gmail.com
            </td>
            <td
              class="_tableItem_15e082"
            >
              2
            </td>
            <td
              class="_tableItem_15e082"
            >
              <div
                class="_ratingItem_15e082"
              >
                -
              </div>
            </td>
            <td
              class="_tableItem_15e082"
            >
              <div
                class="_rateUserBtn_15e082"
              >
                Rate
              </div>
            </td>
          </tr>
          <tr
            class="_usersTableRow_15e082"
          >
            <td
              class="_tableItem_15e082"
            >
              John
            </td>
            <td
              class="_tableItem_15e082"
            >
              Washington
            </td>
            <td
              class="_tableItem_15e082"
            >
              64
            </td>
            <td
              class="_tableItem_15e082"
            >
               
              wash@gmail.com
            </td>
            <td
              class="_tableItem_15e082"
            >
              2
            </td>
            <td
              class="_tableItem_15e082"
            >
              <div
                class="_ratingItem_15e082"
              >
                -
              </div>
            </td>
            <td
              class="_tableItem_15e082"
            >
              <div
                class="_rateUserBtn_15e082"
              >
                Rate
              </div>
            </td>
          </tr>
          <tr
            class="_usersTableRow_15e082"
          >
            <td
              class="_tableItem_15e082"
            >
              Sarah
            </td>
            <td
              class="_tableItem_15e082"
            >
              Johnson
            </td>
            <td
              class="_tableItem_15e082"
            >
              28
            </td>
            <td
              class="_tableItem_15e082"
            >
               
              sarah.j@gmail.com
            </td>
            <td
              class="_tableItem_15e082"
            >
              2
            </td>
            <td
              class="_tableItem_15e082"
            >
              <div
                class="_ratingItem_15e082"
              >
                -
              </div>
            </td>
            <td
              class="_tableItem_15e082"
            >
              <div
                class="_rateUserBtn_15e082"
              >
                Rate
              </div>
            </td>
          </tr>
          <tr
            class="_usersTableRow_15e082"
          >
            <td
              class="_tableItem_15e082"
            >
              Michael
            </td>
            <td
              class="_tableItem_15e082"
            >
              Chen
            </td>
            <td
              class="_tableItem_15e082"
            >
              35
            </td>
            <td
              class="_tableItem_15e082"
            >
               
              michael.c@gmail.com
            </td>
            <td
              class="_tableItem_15e082"
            >
              2
            </td>
            <td
              class="_tableItem_15e082"
            >
              <div
                class="_ratingItem_15e082"
              >
                -
              </div>
            </td>
            <td
              class="_tableItem_15e082"
            >
              <div
                class="_rateUserBtn_15e082"
              >
                Rate
              </div>
            </td>
          </tr>
          <tr
            class="_usersTableRow_15e082"
          >
            <td
              class="_tableItem_15e082"
            >
              Emma
            </td>
            <td
              class="_tableItem_15e082"
            >
              Wilson
            </td>
            <td
              class="_tableItem_15e082"
            >
              31
            </td>
            <td
              class="_tableItem_15e082"
            >
               
              emma.w@gmail.com
            </td>
            <td
              class="_tableItem_15e082"
            >
              2
            </td>
            <td
              class="_tableItem_15e082"
            >
              <div
                class="_ratingItem_15e082"
              >
                -
              </div>
            </td>
            <td
              class="_tableItem_15e082"
            >
              <div
                class="_rateUserBtn_15e082"
              >
                Rate
              </div>
            </td>
          </tr>
          <tr
            class="_usersTableRow_15e082"
          >
            <td
              class="_tableItem_15e082"
            >
              David
            </td>
            <td
              class="_tableItem_15e082"
            >
              Brown
            </td>
            <td
              class="_tableItem_15e082"
            >
              39
            </td>
            <td
              class="_tableItem_15e082"
            >
               
              david.b@gmail.com
            </td>
            <td
              class="_tableItem_15e082"
            >
              2
            </td>
            <td
              class="_tableItem_15e082"
            >
              <div
                class="_ratingItem_15e082"
              >
                -
              </div>
            </td>
            <td
              class="_tableItem_15e082"
            >
              <div
                class="_rateUserBtn_15e082"
              >
                Rate
              </div>
            </td>
          </tr>
          <tr
            class="_usersTableRow_15e082"
          >
            <td
              class="_tableItem_15e082"
            >
              Lisa
            </td>
            <td
              class="_tableItem_15e082"
            >
              Anderson
            </td>
            <td
              class="_tableItem_15e082"
            >
              27
            </td>
            <td
              class="_tableItem_15e082"
            >
               
              lisa.a@gmail.com
            </td>
            <td
              class="_tableItem_15e082"
            >
              2
            </td>
            <td
              class="_tableItem_15e082"
            >
              <div
                class="_ratingItem_15e082"
              >
                -
              </div>
            </td>
            <td
              class="_tableItem_15e082"
            >
              <div
                class="_rateUserBtn_15e082"
              >
                Rate
              </div>
            </td>
          </tr>
          <tr
            class="_usersTableRow_15e082"
          >
            <td
              class="_tableItem_15e082"
            >
              James
            </td>
            <td
              class="_tableItem_15e082"
            >
              Taylor
            </td>
            <td
              class="_tableItem_15e082"
            >
              42
            </td>
            <td
              class="_tableItem_15e082"
            >
               
              james.t@gmail.com
            </td>
            <td
              class="_tableItem_15e082"
            >
              2
            </td>
            <td
              class="_tableItem_15e082"
            >
              <div
                class="_ratingItem_15e082"
              >
                -
              </div>
            </td>
            <td
              class="_tableItem_15e082"
            >
              <div
                class="_rateUserBtn_15e082"
              >
                Rate
              </div>
            </td>
          </tr>
          <tr
            class="_usersTableRow_15e082"
          >
            <td
              class="_tableItem_15e082"
            >
              Sophie
            </td>
            <td
              class="_tableItem_15e082"
            >
              Martin
            </td>
            <td
              class="_tableItem_15e082"
            >
              33
            </td>
            <td
              class="_tableItem_15e082"
            >
               
              sophie.m@gmail.com
            </td>
            <td
              class="_tableItem_15e082"
            >
              2
            </td>
            <td
              class="_tableItem_15e082"
            >
              <div
                class="_ratingItem_15e082"
              >
                -
              </div>
            </td>
            <td
              class="_tableItem_15e082"
            >
              <div
                class="_rateUserBtn_15e082"
              >
                Rate
              </div>
            </td>
          </tr>
          <tr
            class="_usersTableRow_15e082"
          >
            <td
              class="_tableItem_15e082"
            >
              Robert
            </td>
            <td
              class="_tableItem_15e082"
            >
              Lee
            </td>
            <td
              class="_tableItem_15e082"
            >
              47
            </td>
            <td
              class="_tableItem_15e082"
            >
               
              robert.l@gmail.com
            </td>
            <td
              class="_tableItem_15e082"
            >
              2
            </td>
            <td
              class="_tableItem_15e082"
            >
              <div
                class="_ratingItem_15e082"
              >
                -
              </div>
            </td>
            <td
              class="_tableItem_15e082"
            >
              <div
                class="_rateUserBtn_15e082"
              >
                Rate
              </div>
            </td>
          </tr>
          <tr
            class="_usersTableRow_15e082"
          >
            <td
              class="_tableItem_15e082"
            >
              Olivia
            </td>
            <td
              class="_tableItem_15e082"
            >
              White
            </td>
            <td
              class="_tableItem_15e082"
            >
              29
            </td>
            <td
              class="_tableItem_15e082"
            >
               
              olivia.w@gmail.com
            </td>
            <td
              class="_tableItem_15e082"
            >
              2
            </td>
            <td
              class="_tableItem_15e082"
            >
              <div
                class="_ratingItem_15e082"
              >
                -
              </div>
            </td>
            <td
              class="_tableItem_15e082"
            >
              <div
                class="_rateUserBtn_15e082"
              >
                Rate
              </div>
            </td>
          </tr>
          <tr
            class="_usersTableRow_15e082"
          >
            <td
              class="_tableItem_15e082"
            >
              William
            </td>
            <td
              class="_tableItem_15e082"
            >
              Garcia
            </td>
            <td
              class="_tableItem_15e082"
            >
              36
            </td>
            <td
              class="_tableItem_15e082"
            >
               
              william.g@gmail.com
            </td>
            <td
              class="_tableItem_15e082"
            >
              2
            </td>
            <td
              class="_tableItem_15e082"
            >
              <div
                class="_ratingItem_15e082"
              >
                -
              </div>
            </td>
            <td
              class="_tableItem_15e082"
            >
              <div
                class="_rateUserBtn_15e082"
              >
                Rate
              </div>
            </td>
          </tr>
        </tbody>
      </table>
    </div>
  </div>
</body>
`;
