// Vitest Snapshot v1, https://vitest.dev/guide/snapshot.html

exports[`<TicketCard /> > it should match snapshot when rendered by default 1`] = `
<body>
  <div>
    <a
      class="_ticketCard_e6793d"
      href="/tickets/2f3b"
    >
      <img
        alt="Ticket cover photo"
        class="_coverPhoto_e6793d"
        data-nimg="1"
        decoding="async"
        height="200"
        loading="lazy"
        src="/_next/image?url=%2Fassets%2Fimages%2Fcover.png&w=640&q=75"
        srcset="/_next/image?url=%2Fassets%2Fimages%2Fcover.png&w=256&q=75 1x, /_next/image?url=%2Fassets%2Fimages%2Fcover.png&w=640&q=75 2x"
        style="color: transparent;"
        width="200"
      />
      <h4
        class="_ticketTitle_e6793d"
      >
        Basketball Game
      </h4>
      <div
        class="_ticketPrice_e6793d"
      >
        <p>
          Price:
        </p>
        <p>
          430.00
          $
        </p>
      </div>
      <div
        class="_ticketSeller_e6793d"
      >
        <p>
           Sells:
        </p>
        <p>
           Ante Rade (-)
        </p>
      </div>
      <p
        class="_ticketCategory_e6793d"
      >
        sport game
      </p>
    </a>
  </div>
</body>
`;
